#-----------------------------------------------------------
# Vivado v2016.2 (64-bit)
# SW Build 1577090 on Thu Jun  2 16:32:40 MDT 2016
# IP Build 1577682 on Fri Jun  3 12:00:54 MDT 2016
# Start of session at: Wed Dec 21 02:59:46 2016
# Process ID: 8956
# Current directory: D:/new/Vivado/Vivado/final/record/Record_mode
# Command line: vivado.exe -gui_launcher_event rodinguilauncherevent8892 D:\new\Vivado\Vivado\final\record\Record_mode\Record_mode.xpr
# Log file: D:/new/Vivado/Vivado/final/record/Record_mode/vivado.log
# Journal file: D:/new/Vivado/Vivado/final/record/Record_mode\vivado.jou
#-----------------------------------------------------------
start_gui
open_project D:/new/Vivado/Vivado/final/record/Record_mode/Record_mode.xpr
update_compile_order -fileset sources_1
launch_runs impl_1 -to_step write_bitstream -jobs 2
wait_on_run impl_1
open_hw
connect_hw_server -url localhost:3121
current_hw_target [get_hw_targets */xilinx_tcf/Digilent/210183713287A]
set_property PARAM.FREQUENCY 15000000 [get_hw_targets */xilinx_tcf/Digilent/210183713287A]
open_hw_target
current_hw_device [lindex [get_hw_devices] 0]
refresh_hw_device -update_hw_probes false [lindex [get_hw_devices] 0]
reset_run synth_1 -noclean_dir 
launch_runs impl_1 -to_step write_bitstream -jobs 2
wait_on_run impl_1
reset_run synth_1
launch_runs impl_1 -to_step write_bitstream -jobs 2
wait_on_run impl_1
reset_run synth_1
launch_runs impl_1 -to_step write_bitstream -jobs 2
wait_on_run impl_1
reset_run synth_1
launch_runs impl_1 -to_step write_bitstream -jobs 2
wait_on_run impl_1
disconnect_hw_server localhost:3121
connect_hw_server -url localhost:3121
current_hw_target [get_hw_targets */xilinx_tcf/Digilent/210183713287A]
set_property PARAM.FREQUENCY 15000000 [get_hw_targets */xilinx_tcf/Digilent/210183713287A]
open_hw_target
set_property PROGRAM.FILE {D:/new/Vivado/Vivado/final/record/Record_mode/Record_mode.runs/impl_1/Record_mode.bit} [lindex [get_hw_devices] 0]
current_hw_device [lindex [get_hw_devices] 0]
refresh_hw_device -update_hw_probes false [lindex [get_hw_devices] 0]
set_property PROBES.FILE {} [lindex [get_hw_devices] 0]
set_property PROGRAM.FILE {D:/new/Vivado/Vivado/final/record/Record_mode/Record_mode.runs/impl_1/Record_mode.bit} [lindex [get_hw_devices] 0]
program_hw_devices [lindex [get_hw_devices] 0]
refresh_hw_device [lindex [get_hw_devices] 0]
reset_run synth_1
launch_runs impl_1 -to_step write_bitstream -jobs 2
wait_on_run impl_1
set_property PROBES.FILE {} [lindex [get_hw_devices] 0]
set_property PROGRAM.FILE {D:/new/Vivado/Vivado/final/record/Record_mode/Record_mode.runs/impl_1/Record_mode.bit} [lindex [get_hw_devices] 0]
program_hw_devices [lindex [get_hw_devices] 0]
refresh_hw_device [lindex [get_hw_devices] 0]
reset_run synth_1
launch_runs impl_1 -to_step write_bitstream -jobs 2
wait_on_run impl_1
disconnect_hw_server localhost:3121
connect_hw_server -url localhost:3121
disconnect_hw_server localhost:3121
connect_hw_server -url localhost:3121
disconnect_hw_server localhost:3121
connect_hw_server -url localhost:3121
disconnect_hw_server localhost:3121
connect_hw_server -url localhost:3121
disconnect_hw_server localhost:3121
connect_hw_server -url localhost:3121
set_property PROBES.FILE {} [lindex [get_hw_devices] 0]
set_property PROGRAM.FILE {D:/new/Vivado/Vivado/final/record/Record_mode/Record_mode.runs/impl_1/Record_mode.bit} [lindex [get_hw_devices] 0]
program_hw_devices [lindex [get_hw_devices] 0]
refresh_hw_device [lindex [get_hw_devices] 0]
set_property PROBES.FILE {} [lindex [get_hw_devices] 0]
set_property PROGRAM.FILE {D:/new/Vivado/Vivado/final/record/Record_mode/Record_mode.runs/impl_1/Record_mode.bit} [lindex [get_hw_devices] 0]
program_hw_devices [lindex [get_hw_devices] 0]
refresh_hw_device [lindex [get_hw_devices] 0]
set_property PROBES.FILE {} [lindex [get_hw_devices] 0]
set_property PROGRAM.FILE {D:/new/Vivado/Vivado/final/record/Record_mode/Record_mode.runs/impl_1/Record_mode.bit} [lindex [get_hw_devices] 0]
program_hw_devices [lindex [get_hw_devices] 0]
refresh_hw_device [lindex [get_hw_devices] 0]
set_property PROBES.FILE {} [lindex [get_hw_devices] 0]
set_property PROGRAM.FILE {D:/new/Vivado/Vivado/final/record/Record_mode/Record_mode.runs/impl_1/Record_mode.bit} [lindex [get_hw_devices] 0]
program_hw_devices [lindex [get_hw_devices] 0]
refresh_hw_device [lindex [get_hw_devices] 0]
reset_run synth_1
launch_runs impl_1 -to_step write_bitstream -jobs 2
wait_on_run impl_1
set_property PROBES.FILE {} [lindex [get_hw_devices] 0]
set_property PROGRAM.FILE {D:/new/Vivado/Vivado/final/record/Record_mode/Record_mode.runs/impl_1/Record_mode.bit} [lindex [get_hw_devices] 0]
program_hw_devices [lindex [get_hw_devices] 0]
refresh_hw_device [lindex [get_hw_devices] 0]
reset_run synth_1
launch_runs impl_1 -to_step write_bitstream -jobs 2
wait_on_run impl_1
set_property PROBES.FILE {} [lindex [get_hw_devices] 0]
set_property PROGRAM.FILE {D:/new/Vivado/Vivado/final/record/Record_mode/Record_mode.runs/impl_1/Record_mode.bit} [lindex [get_hw_devices] 0]
program_hw_devices [lindex [get_hw_devices] 0]
refresh_hw_device [lindex [get_hw_devices] 0]
